2026-08-08T03:15:07+00:00 INFO    [event=application.started] IPTV-API 版本: 3.0.0 (构建时间: 2026-08-07 11:45:59)
2026-08-08T03:15:07+00:00 INFO    [phase=prepare event=network.ipv6.checking] 🛜 正在检查当前网络是否支持IPv6...
2026-08-08T03:15:07+00:00 WARNING [phase=prepare event=network.ipv6.unsupported] 当前网络不支持IPv6，别担心，IPv6的结果会被保存下来
2026-08-08T03:15:08+00:00 INFO    [run=93b1df6d1ba342939d8010e2f31723b6 phase=prepare event=run.started] 性能模式: auto → balance，可用资源: 4.0 CPU / 15.61 GB，并发: 测速 8、媒体探测 2、源抓取 8
2026-08-08T03:15:08+00:00 INFO    [run=93b1df6d1ba342939d8010e2f31723b6 phase=prepare event=channels.catalog_loaded] 频道目录已加载：白名单 0，黑名单 2，台标 21
2026-08-08T03:15:08+00:00 INFO    [run=93b1df6d1ba342939d8010e2f31723b6 phase=fetch event=sources.subscribe.summary] 订阅源数量：1，订阅白名单数量：0，停用地址数量：0，有效总数量：1
2026-08-08T03:15:08+00:00 INFO    [run=93b1df6d1ba342939d8010e2f31723b6 phase=fetch event=progress.started] 正在进行获取订阅源  0/1
2026-08-08T03:15:10+00:00 INFO    [run=93b1df6d1ba342939d8010e2f31723b6 phase=fetch event=progress.updated] 正在进行获取订阅源  1/1 (100%)  剩余 0
2026-08-08T03:15:10+00:00 INFO    [run=93b1df6d1ba342939d8010e2f31723b6 phase=fetch event=sources.subscribe.finished] 订阅源: ✅ 有效地址数量：1，⛔ 停用地址数量：0
2026-08-08T03:15:10+00:00 INFO    [run=93b1df6d1ba342939d8010e2f31723b6 phase=fetch event=sources.subscribe.epg_discovered] 📡 从订阅源中发现 2 个 EPG 地址
2026-08-08T03:15:10+00:00 INFO    [run=93b1df6d1ba342939d8010e2f31723b6 phase=fetch event=progress.finished] 正在进行获取订阅源  1/1  未匹配 10000
2026-08-08T03:15:10+00:00 INFO    [run=93b1df6d1ba342939d8010e2f31723b6 phase=fetch event=sources.epg.summary] EPG源数量：1，EPG白名单数量：0，停用地址数量：0，有效总数量：1
2026-08-08T03:15:10+00:00 INFO    [run=93b1df6d1ba342939d8010e2f31723b6 phase=fetch event=progress.started] 正在进行获取EPG源  0/3
2026-08-08T03:15:12+00:00 INFO    [run=93b1df6d1ba342939d8010e2f31723b6 phase=fetch event=progress.updated] 正在进行获取EPG源  1/3 (33%)  剩余 2
2026-08-08T03:15:13+00:00 WARNING [run=93b1df6d1ba342939d8010e2f31723b6 phase=fetch event=request.retrying] 🔄 请求https://raw.githubusercontent.com/StrangeDrVN/epg/public/guide.xml.gz失败，正在进行第1次重试...
2026-08-08T03:15:13+00:00 INFO    [run=93b1df6d1ba342939d8010e2f31723b6 phase=fetch event=progress.updated] 正在进行获取EPG源  2/3 (66%)  剩余 1
2026-08-08T03:15:14+00:00 WARNING [run=93b1df6d1ba342939d8010e2f31723b6 phase=fetch event=source.request_failed] EPG源请求失败：❌ 请求https://raw.githubusercontent.com/StrangeDrVN/epg/public/guide.xml.gz失败，已达到最大重试次数
2026-08-08T03:15:14+00:00 INFO    [run=93b1df6d1ba342939d8010e2f31723b6 phase=fetch event=progress.updated] 正在进行获取EPG源  3/3 (100%)  剩余 0
2026-08-08T03:15:14+00:00 INFO    [run=93b1df6d1ba342939d8010e2f31723b6 phase=fetch event=sources.epg.finished] EPG源: ✅ 有效地址数量：1，⛔ 停用地址数量：0
2026-08-08T03:15:14+00:00 INFO    [run=93b1df6d1ba342939d8010e2f31723b6 phase=fetch event=progress.finished] 正在进行获取EPG源  3/3  匹配 62 个频道
2026-08-08T03:15:15+00:00 INFO    [run=93b1df6d1ba342939d8010e2f31723b6 phase=aggregate event=channels.aggregated] 频道数据聚合完成：72 个频道，24 个接口（IPv4 20 / IPv6 4）
2026-08-08T03:15:15+00:00 INFO    [run=93b1df6d1ba342939d8010e2f31723b6 phase=speed_test event=speed_test.planned] 总接口数量: 24, 需要进行测速的接口数量: 20
2026-08-08T03:15:15+00:00 INFO    [run=93b1df6d1ba342939d8010e2f31723b6 phase=speed_test event=progress.started] 测速  0/20
2026-08-08T03:15:17+00:00 INFO    [run=93b1df6d1ba342939d8010e2f31723b6 phase=speed_test event=progress.updated] 测速  1/20 (5%)  有效 0  失败 1  CCTV-1
2026-08-08T03:15:17+00:00 INFO    [run=93b1df6d1ba342939d8010e2f31723b6 phase=speed_test event=progress.updated] 测速  3/20 (15%)  有效 2  失败 1  CCTV-7
2026-08-08T03:15:17+00:00 INFO    [run=93b1df6d1ba342939d8010e2f31723b6 phase=speed_test event=progress.updated] 测速  5/20 (25%)  有效 4  失败 1  CCTV-1
2026-08-08T03:15:19+00:00 INFO    [run=93b1df6d1ba342939d8010e2f31723b6 phase=speed_test event=progress.updated] 测速  7/20 (35%)  有效 5  失败 2  CCTV-3
2026-08-08T03:15:19+00:00 INFO    [run=93b1df6d1ba342939d8010e2f31723b6 phase=speed_test event=progress.updated] 测速  9/20 (45%)  有效 5  失败 4  CCTV-16
2026-08-08T03:15:19+00:00 INFO    [run=93b1df6d1ba342939d8010e2f31723b6 phase=speed_test event=progress.updated] 测速  11/20 (55%)  有效 7  失败 4  CCTV-2
2026-08-08T03:15:20+00:00 INFO    [run=93b1df6d1ba342939d8010e2f31723b6 phase=speed_test event=progress.updated] 测速  13/20 (65%)  有效 9  失败 4  CCTV-10
2026-08-08T03:15:20+00:00 INFO    [run=93b1df6d1ba342939d8010e2f31723b6 phase=speed_test event=progress.updated] 测速  15/20 (75%)  有效 11  失败 4  CCTV-17
2026-08-08T03:15:29+00:00 INFO    [run=93b1df6d1ba342939d8010e2f31723b6 phase=speed_test event=progress.updated] 测速  17/20 (85%)  有效 11  失败 6  CETV-1
2026-08-08T03:15:29+00:00 INFO    [run=93b1df6d1ba342939d8010e2f31723b6 phase=speed_test event=progress.updated] 测速  19/20 (95%)  有效 11  失败 8  北京卫视
2026-08-08T03:15:29+00:00 INFO    [run=93b1df6d1ba342939d8010e2f31723b6 phase=speed_test event=progress.updated] 测速  20/20 (100%)  有效 11  失败 9  四川卫视
2026-08-08T03:15:29+00:00 INFO    [run=93b1df6d1ba342939d8010e2f31723b6 phase=speed_test event=speed_test.artifacts_written] 测速明细已写入 output/log/speed_test.log，有效结果已写入 output/log/result.log
2026-08-08T03:15:29+00:00 INFO    [run=93b1df6d1ba342939d8010e2f31723b6 phase=speed_test event=progress.finished] 测速  20/20  有效 11  失败 9
2026-08-08T03:15:29+00:00 INFO    [run=93b1df6d1ba342939d8010e2f31723b6 phase=output event=output.written] 结果文件生成完成：更新 3 个文件
2026-08-08T03:15:29+00:00 INFO    [run=93b1df6d1ba342939d8010e2f31723b6 phase=statistics event=statistics.finished] 频道统计完成：测试 20，有效 11
2026-08-08T03:15:29+00:00 INFO    [run=93b1df6d1ba342939d8010e2f31723b6 phase=complete event=run.summary] 更新摘要
2026-08-08T03:15:29+00:00 INFO    [run=93b1df6d1ba342939d8010e2f31723b6 phase=complete event=run.finished] 更新完成！总耗时：00:21
